// Jest Snapshot v1, https://goo.gl/fbAQLP

exports[`Should MovieList render correctly 1`] = `
<div>
  <div
    class="catalog__movies-list"
  >
    <article
      class="small-movie-card catalog__movies-card"
    >
      <div
        class="small-movie-card__image"
      >
        <video
          height="175"
          poster="img/fantastic-beasts-the-crimes-of-grindelwald.jpg"
          src="https://upload.wikimedia.org/wikipedia/commons/transcoded/b/b3/Big_Buck_Bunny_Trailer_400p.ogv/Big_Buck_Bunny_Trailer_400p.ogv.360p.webm"
          width="280"
        />
      </div>
      <h3
        class="small-movie-card__title"
      >
        <a
          class="small-movie-card__link"
          href="/films/2"
        >
          Fantastic Beasts: The Crimes of Grindelwald
        </a>
      </h3>
    </article>
    <article
      class="small-movie-card catalog__movies-card"
    >
      <div
        class="small-movie-card__image"
      >
        <video
          height="175"
          poster="img/bohemian-rhapsody.jpg"
          src="https://upload.wikimedia.org/wikipedia/commons/transcoded/b/b3/Big_Buck_Bunny_Trailer_400p.ogv/Big_Buck_Bunny_Trailer_400p.ogv.360p.webm"
          width="280"
        />
      </div>
      <h3
        class="small-movie-card__title"
      >
        <a
          class="small-movie-card__link"
          href="/films/3"
        >
          Bohemian Rhapsody
        </a>
      </h3>
    </article>
    <article
      class="small-movie-card catalog__movies-card"
    >
      <div
        class="small-movie-card__image"
      >
        <video
          height="175"
          poster="img/macbeth.jpg"
          src="https://upload.wikimedia.org/wikipedia/commons/transcoded/b/b3/Big_Buck_Bunny_Trailer_400p.ogv/Big_Buck_Bunny_Trailer_400p.ogv.360p.webm"
          width="280"
        />
      </div>
      <h3
        class="small-movie-card__title"
      >
        <a
          class="small-movie-card__link"
          href="/films/4"
        >
          Macbeth
        </a>
      </h3>
    </article>
    <article
      class="small-movie-card catalog__movies-card"
    >
      <div
        class="small-movie-card__image"
      >
        <video
          height="175"
          poster="img/aviator.jpg"
          src="https://upload.wikimedia.org/wikipedia/commons/transcoded/b/b3/Big_Buck_Bunny_Trailer_400p.ogv/Big_Buck_Bunny_Trailer_400p.ogv.360p.webm"
          width="280"
        />
      </div>
      <h3
        class="small-movie-card__title"
      >
        <a
          class="small-movie-card__link"
          href="/films/5"
        >
          Aviator
        </a>
      </h3>
    </article>
    <article
      class="small-movie-card catalog__movies-card"
    >
      <div
        class="small-movie-card__image"
      >
        <video
          height="175"
          poster="img/we-need-to-talk-about-kevin.jpg"
          src="https://upload.wikimedia.org/wikipedia/commons/transcoded/b/b3/Big_Buck_Bunny_Trailer_400p.ogv/Big_Buck_Bunny_Trailer_400p.ogv.360p.webm"
          width="280"
        />
      </div>
      <h3
        class="small-movie-card__title"
      >
        <a
          class="small-movie-card__link"
          href="/films/6"
        >
          We need to talk about Kevin
        </a>
      </h3>
    </article>
    <article
      class="small-movie-card catalog__movies-card"
    >
      <div
        class="small-movie-card__image"
      >
        <video
          height="175"
          poster="img/what-we-do-in-the-shadows.jpg"
          src="https://upload.wikimedia.org/wikipedia/commons/transcoded/b/b3/Big_Buck_Bunny_Trailer_400p.ogv/Big_Buck_Bunny_Trailer_400p.ogv.360p.webm"
          width="280"
        />
      </div>
      <h3
        class="small-movie-card__title"
      >
        <a
          class="small-movie-card__link"
          href="/films/7"
        >
          What We Do in the Shadows
        </a>
      </h3>
    </article>
    <article
      class="small-movie-card catalog__movies-card"
    >
      <div
        class="small-movie-card__image"
      >
        <video
          height="175"
          poster="img/revenant.jpg"
          src="https://upload.wikimedia.org/wikipedia/commons/transcoded/b/b3/Big_Buck_Bunny_Trailer_400p.ogv/Big_Buck_Bunny_Trailer_400p.ogv.360p.webm"
          width="280"
        />
      </div>
      <h3
        class="small-movie-card__title"
      >
        <a
          class="small-movie-card__link"
          href="/films/8"
        >
          Revenant
        </a>
      </h3>
    </article>
    <article
      class="small-movie-card catalog__movies-card"
    >
      <div
        class="small-movie-card__image"
      >
        <video
          height="175"
          poster="img/johnny-english.jpg"
          src="https://upload.wikimedia.org/wikipedia/commons/transcoded/b/b3/Big_Buck_Bunny_Trailer_400p.ogv/Big_Buck_Bunny_Trailer_400p.ogv.360p.webm"
          width="280"
        />
      </div>
      <h3
        class="small-movie-card__title"
      >
        <a
          class="small-movie-card__link"
          href="/films/9"
        >
          Johnny English
        </a>
      </h3>
    </article>
  </div>
</div>
`;
