// Jest Snapshot v1, https://goo.gl/fbAQLP

exports[`Should LoadMoreButton render correctly 1`] = `
<div>
  <div
    class="catalog__more"
  >
    <button
      class="catalog__button"
      type="button"
    >
      Show more
    </button>
  </div>
</div>
`;
