// Jest Snapshot v1, https://goo.gl/fbAQLP

exports[`Should MovieScreen render correctly 1`] = `
<div>
  <section
    class="movie-card movie-card--full"
  >
    <div
      class="movie-card__hero"
    >
      <div
        class="movie-card__bg"
      >
        <img
          alt="The Grand Budapest Hotel"
          src="img/bg-the-grand-budapest-hotel.jpg"
        />
      </div>
      <h1
        class="visually-hidden"
      >
        WTW
      </h1>
      <header
        class="page-header movie-card__head "
      >
        <div
          class="logo"
        >
          <a
            class="logo__link"
            href="/"
          >
            <span
              class="logo__letter logo__letter--1"
            >
              W
            </span>
            <span
              class="logo__letter logo__letter--2"
            >
              T
            </span>
            <span
              class="logo__letter logo__letter--3"
            >
              W
            </span>
          </a>
        </div>
        
        <h1
          class="page-title user-page__title"
          style="display: none;"
        />
        <div
          class="user-block"
        >
          <div
            class="user-block__avatar"
          >
            <a
              href="/mylist"
            >
              <img
                alt="User avatar"
                height="63"
                src="img/avatar.jpg"
                width="63"
              />
            </a>
          </div>
          <a
            class="user-block__link"
            href="/"
          >
            Log out
          </a>
        </div>
      </header>
      <div
        class="movie-card__wrap"
      >
        <div
          class="movie-card__desc"
        >
          <h2
            class="movie-card__title"
          >
            The Grand Budapest Hotel
          </h2>
          <p
            class="movie-card__meta"
          >
            <span
              class="movie-card__genre"
            >
              Dramas
            </span>
            <span
              class="movie-card__year"
            >
              2014
            </span>
          </p>
          <div
            class="movie-card__buttons"
          >
            <button
              class="btn btn--play movie-card__button"
              type="button"
            >
              <svg
                height="19"
                viewBox="0 0 19 19"
                width="19"
              >
                <use
                  xlink:href="#play-s"
                />
              </svg>
              <span>
                Play
              </span>
            </button>
            <button
              class="btn btn--list movie-card__button"
              type="button"
            >
              <svg
                height="20"
                viewBox="0 0 19 20"
                width="19"
              >
                <use
                  xlink:href="#add"
                />
              </svg>
              <span>
                My list
              </span>
            </button>
            <a
              class="btn movie-card__button"
              href="/films/1/review"
            >
              Add review
            </a>
          </div>
        </div>
      </div>
    </div>
    <div
      class="movie-card__wrap movie-card__translate-top"
    >
      <div
        class="movie-card__info"
      >
        <div
          class="movie-card__poster movie-card__poster--big"
        >
          <img
            alt="The Grand Budapest Hotel poster"
            height="327"
            src="img/the-grand-budapest-hotel-poster.jpg"
            width="218"
          />
        </div>
        <div
          class="movie-card__desc"
        >
          <nav
            class="movie-nav movie-card__nav"
          >
            <ul
              class="movie-nav__list"
            >
              <li
                class="movie-nav__item movie-nav__item--active"
              >
                <a
                  class="movie-nav__link"
                  href="#"
                >
                  Overview
                </a>
              </li>
              <li
                class="movie-nav__item "
              >
                <a
                  class="movie-nav__link"
                  href="#"
                >
                  Details
                </a>
              </li>
              <li
                class="movie-nav__item "
              >
                <a
                  class="movie-nav__link"
                  href="#"
                >
                  Reviews
                </a>
              </li>
            </ul>
          </nav>
          <div
            class="movie-rating"
          >
            <div
              class="movie-rating__score"
            >
              8.9
            </div>
            <p
              class="movie-rating__meta"
            >
              <span
                class="movie-rating__level"
              >
                Very good
              </span>
              <span
                class="movie-rating__count"
              >
                240
                 ratings
              </span>
            </p>
          </div>
          <div
            class="movie-card__text"
          >
            <p>
              In the 1930s, the Grand Budapest Hotel is a popular European ski resort, presided over by concierge Gustave H. (Ralph Fiennes). Zero, a junior lobby boy, becomes Gustave's friend and protege.
            </p>
            <p
              class="movie-card__director"
            >
              <strong>
                Director: 
                Wes Andreson
              </strong>
            </p>
            <p
              class="movie-card__starring"
            >
              <strong>
                Starring: 
                Bill Murray, Edward Norton, Jude Law, Willem Dafoe, Saoirse Ronan
              </strong>
            </p>
          </div>
        </div>
      </div>
    </div>
  </section>
  <div
    class="page-content"
  >
    <section
      class="catalog catalog--like-this"
    >
      <h2
        class="catalog__title"
      >
        More like this
      </h2>
      <div
        class="catalog__movies-list"
      >
        <article
          class="small-movie-card catalog__movies-card"
        >
          <div
            class="small-movie-card__image"
          >
            <video
              height="175"
              poster="img/fantastic-beasts-the-crimes-of-grindelwald.jpg"
              src="https://upload.wikimedia.org/wikipedia/commons/transcoded/b/b3/Big_Buck_Bunny_Trailer_400p.ogv/Big_Buck_Bunny_Trailer_400p.ogv.360p.webm"
              width="280"
            />
          </div>
          <h3
            class="small-movie-card__title"
          >
            <a
              class="small-movie-card__link"
              href="/films/2"
            >
              Fantastic Beasts: The Crimes of Grindelwald
            </a>
          </h3>
        </article>
        <article
          class="small-movie-card catalog__movies-card"
        >
          <div
            class="small-movie-card__image"
          >
            <video
              height="175"
              poster="img/bohemian-rhapsody.jpg"
              src="https://upload.wikimedia.org/wikipedia/commons/transcoded/b/b3/Big_Buck_Bunny_Trailer_400p.ogv/Big_Buck_Bunny_Trailer_400p.ogv.360p.webm"
              width="280"
            />
          </div>
          <h3
            class="small-movie-card__title"
          >
            <a
              class="small-movie-card__link"
              href="/films/3"
            >
              Bohemian Rhapsody
            </a>
          </h3>
        </article>
        <article
          class="small-movie-card catalog__movies-card"
        >
          <div
            class="small-movie-card__image"
          >
            <video
              height="175"
              poster="img/macbeth.jpg"
              src="https://upload.wikimedia.org/wikipedia/commons/transcoded/b/b3/Big_Buck_Bunny_Trailer_400p.ogv/Big_Buck_Bunny_Trailer_400p.ogv.360p.webm"
              width="280"
            />
          </div>
          <h3
            class="small-movie-card__title"
          >
            <a
              class="small-movie-card__link"
              href="/films/4"
            >
              Macbeth
            </a>
          </h3>
        </article>
        <article
          class="small-movie-card catalog__movies-card"
        >
          <div
            class="small-movie-card__image"
          >
            <video
              height="175"
              poster="img/aviator.jpg"
              src="https://upload.wikimedia.org/wikipedia/commons/transcoded/b/b3/Big_Buck_Bunny_Trailer_400p.ogv/Big_Buck_Bunny_Trailer_400p.ogv.360p.webm"
              width="280"
            />
          </div>
          <h3
            class="small-movie-card__title"
          >
            <a
              class="small-movie-card__link"
              href="/films/5"
            >
              Aviator
            </a>
          </h3>
        </article>
      </div>
    </section>
    <footer
      class="page-footer"
    >
      <div
        class="logo"
      >
        <a
          class="logo__link logo__link--light"
          href="/"
        >
          <span
            class="logo__letter logo__letter--1"
          >
            W
          </span>
          <span
            class="logo__letter logo__letter--2"
          >
            T
          </span>
          <span
            class="logo__letter logo__letter--3"
          >
            W
          </span>
        </a>
      </div>
      <div
        class="copyright"
      >
        <p>
          Â© 2019 What to watch Ltd.
        </p>
      </div>
    </footer>
  </div>
</div>
`;
