// Jest Snapshot v1, https://goo.gl/fbAQLP

exports[`Should MyListScreen render correctly 1`] = `
<div>
  <div
    class="user-page"
  >
    <header
      class="page-header movie-card__head user-page__head"
    >
      <div
        class="logo"
      >
        <a
          class="logo__link"
          href="/"
        >
          <span
            class="logo__letter logo__letter--1"
          >
            W
          </span>
          <span
            class="logo__letter logo__letter--2"
          >
            T
          </span>
          <span
            class="logo__letter logo__letter--3"
          >
            W
          </span>
        </a>
      </div>
      
      <h1
        class="page-title user-page__title"
        style="display: block;"
      >
        My list
      </h1>
      <div
        class="user-block"
      >
        <div
          class="user-block__avatar"
        >
          <a
            href="/mylist"
          >
            <img
              alt="User avatar"
              height="63"
              src="img/avatar.jpg"
              width="63"
            />
          </a>
        </div>
        <a
          class="user-block__link"
          href="/"
        >
          Log out
        </a>
      </div>
    </header>
    <section
      class="catalog"
    >
      <h2
        class="catalog__title visually-hidden"
      >
        Catalog
      </h2>
      <div
        class="catalog__movies-list"
      >
        <article
          class="small-movie-card catalog__movies-card"
        >
          <div
            class="small-movie-card__image"
          >
            <video
              height="175"
              poster="img/the-grand-budapest-hotel-poster.jpg"
              src="https://upload.wikimedia.org/wikipedia/commons/transcoded/b/b3/Big_Buck_Bunny_Trailer_400p.ogv/Big_Buck_Bunny_Trailer_400p.ogv.360p.webm"
              width="280"
            />
          </div>
          <h3
            class="small-movie-card__title"
          >
            <a
              class="small-movie-card__link"
              href="/films/1"
            >
              The Grand Budapest Hotel
            </a>
          </h3>
        </article>
        <article
          class="small-movie-card catalog__movies-card"
        >
          <div
            class="small-movie-card__image"
          >
            <video
              height="175"
              poster="img/fantastic-beasts-the-crimes-of-grindelwald.jpg"
              src="https://upload.wikimedia.org/wikipedia/commons/transcoded/b/b3/Big_Buck_Bunny_Trailer_400p.ogv/Big_Buck_Bunny_Trailer_400p.ogv.360p.webm"
              width="280"
            />
          </div>
          <h3
            class="small-movie-card__title"
          >
            <a
              class="small-movie-card__link"
              href="/films/2"
            >
              Fantastic Beasts: The Crimes of Grindelwald
            </a>
          </h3>
        </article>
        <article
          class="small-movie-card catalog__movies-card"
        >
          <div
            class="small-movie-card__image"
          >
            <video
              height="175"
              poster="img/bohemian-rhapsody.jpg"
              src="https://upload.wikimedia.org/wikipedia/commons/transcoded/b/b3/Big_Buck_Bunny_Trailer_400p.ogv/Big_Buck_Bunny_Trailer_400p.ogv.360p.webm"
              width="280"
            />
          </div>
          <h3
            class="small-movie-card__title"
          >
            <a
              class="small-movie-card__link"
              href="/films/3"
            >
              Bohemian Rhapsody
            </a>
          </h3>
        </article>
        <article
          class="small-movie-card catalog__movies-card"
        >
          <div
            class="small-movie-card__image"
          >
            <video
              height="175"
              poster="img/macbeth.jpg"
              src="https://upload.wikimedia.org/wikipedia/commons/transcoded/b/b3/Big_Buck_Bunny_Trailer_400p.ogv/Big_Buck_Bunny_Trailer_400p.ogv.360p.webm"
              width="280"
            />
          </div>
          <h3
            class="small-movie-card__title"
          >
            <a
              class="small-movie-card__link"
              href="/films/4"
            >
              Macbeth
            </a>
          </h3>
        </article>
        <article
          class="small-movie-card catalog__movies-card"
        >
          <div
            class="small-movie-card__image"
          >
            <video
              height="175"
              poster="img/aviator.jpg"
              src="https://upload.wikimedia.org/wikipedia/commons/transcoded/b/b3/Big_Buck_Bunny_Trailer_400p.ogv/Big_Buck_Bunny_Trailer_400p.ogv.360p.webm"
              width="280"
            />
          </div>
          <h3
            class="small-movie-card__title"
          >
            <a
              class="small-movie-card__link"
              href="/films/5"
            >
              Aviator
            </a>
          </h3>
        </article>
        <article
          class="small-movie-card catalog__movies-card"
        >
          <div
            class="small-movie-card__image"
          >
            <video
              height="175"
              poster="img/we-need-to-talk-about-kevin.jpg"
              src="https://upload.wikimedia.org/wikipedia/commons/transcoded/b/b3/Big_Buck_Bunny_Trailer_400p.ogv/Big_Buck_Bunny_Trailer_400p.ogv.360p.webm"
              width="280"
            />
          </div>
          <h3
            class="small-movie-card__title"
          >
            <a
              class="small-movie-card__link"
              href="/films/6"
            >
              We need to talk about Kevin
            </a>
          </h3>
        </article>
        <article
          class="small-movie-card catalog__movies-card"
        >
          <div
            class="small-movie-card__image"
          >
            <video
              height="175"
              poster="img/what-we-do-in-the-shadows.jpg"
              src="https://upload.wikimedia.org/wikipedia/commons/transcoded/b/b3/Big_Buck_Bunny_Trailer_400p.ogv/Big_Buck_Bunny_Trailer_400p.ogv.360p.webm"
              width="280"
            />
          </div>
          <h3
            class="small-movie-card__title"
          >
            <a
              class="small-movie-card__link"
              href="/films/7"
            >
              What We Do in the Shadows
            </a>
          </h3>
        </article>
        <article
          class="small-movie-card catalog__movies-card"
        >
          <div
            class="small-movie-card__image"
          >
            <video
              height="175"
              poster="img/revenant.jpg"
              src="https://upload.wikimedia.org/wikipedia/commons/transcoded/b/b3/Big_Buck_Bunny_Trailer_400p.ogv/Big_Buck_Bunny_Trailer_400p.ogv.360p.webm"
              width="280"
            />
          </div>
          <h3
            class="small-movie-card__title"
          >
            <a
              class="small-movie-card__link"
              href="/films/8"
            >
              Revenant
            </a>
          </h3>
        </article>
        <article
          class="small-movie-card catalog__movies-card"
        >
          <div
            class="small-movie-card__image"
          >
            <video
              height="175"
              poster="img/johnny-english.jpg"
              src="https://upload.wikimedia.org/wikipedia/commons/transcoded/b/b3/Big_Buck_Bunny_Trailer_400p.ogv/Big_Buck_Bunny_Trailer_400p.ogv.360p.webm"
              width="280"
            />
          </div>
          <h3
            class="small-movie-card__title"
          >
            <a
              class="small-movie-card__link"
              href="/films/9"
            >
              Johnny English
            </a>
          </h3>
        </article>
        <article
          class="small-movie-card catalog__movies-card"
        >
          <div
            class="small-movie-card__image"
          >
            <video
              height="175"
              poster="img/the-grand-budapest-hotel-poster.jpg"
              src="https://upload.wikimedia.org/wikipedia/commons/transcoded/b/b3/Big_Buck_Bunny_Trailer_400p.ogv/Big_Buck_Bunny_Trailer_400p.ogv.360p.webm"
              width="280"
            />
          </div>
          <h3
            class="small-movie-card__title"
          >
            <a
              class="small-movie-card__link"
              href="/films/10"
            >
              The Grand Budapest Hotel
            </a>
          </h3>
        </article>
        <article
          class="small-movie-card catalog__movies-card"
        >
          <div
            class="small-movie-card__image"
          >
            <video
              height="175"
              poster="img/fantastic-beasts-the-crimes-of-grindelwald.jpg"
              src="https://upload.wikimedia.org/wikipedia/commons/transcoded/b/b3/Big_Buck_Bunny_Trailer_400p.ogv/Big_Buck_Bunny_Trailer_400p.ogv.360p.webm"
              width="280"
            />
          </div>
          <h3
            class="small-movie-card__title"
          >
            <a
              class="small-movie-card__link"
              href="/films/11"
            >
              Fantastic Beasts: The Crimes of Grindelwald
            </a>
          </h3>
        </article>
        <article
          class="small-movie-card catalog__movies-card"
        >
          <div
            class="small-movie-card__image"
          >
            <video
              height="175"
              poster="img/bohemian-rhapsody.jpg"
              src="https://upload.wikimedia.org/wikipedia/commons/transcoded/b/b3/Big_Buck_Bunny_Trailer_400p.ogv/Big_Buck_Bunny_Trailer_400p.ogv.360p.webm"
              width="280"
            />
          </div>
          <h3
            class="small-movie-card__title"
          >
            <a
              class="small-movie-card__link"
              href="/films/12"
            >
              Bohemian Rhapsody
            </a>
          </h3>
        </article>
        <article
          class="small-movie-card catalog__movies-card"
        >
          <div
            class="small-movie-card__image"
          >
            <video
              height="175"
              poster="img/macbeth.jpg"
              src="https://upload.wikimedia.org/wikipedia/commons/transcoded/b/b3/Big_Buck_Bunny_Trailer_400p.ogv/Big_Buck_Bunny_Trailer_400p.ogv.360p.webm"
              width="280"
            />
          </div>
          <h3
            class="small-movie-card__title"
          >
            <a
              class="small-movie-card__link"
              href="/films/13"
            >
              Macbeth
            </a>
          </h3>
        </article>
        <article
          class="small-movie-card catalog__movies-card"
        >
          <div
            class="small-movie-card__image"
          >
            <video
              height="175"
              poster="img/aviator.jpg"
              src="https://upload.wikimedia.org/wikipedia/commons/transcoded/b/b3/Big_Buck_Bunny_Trailer_400p.ogv/Big_Buck_Bunny_Trailer_400p.ogv.360p.webm"
              width="280"
            />
          </div>
          <h3
            class="small-movie-card__title"
          >
            <a
              class="small-movie-card__link"
              href="/films/14"
            >
              Aviator
            </a>
          </h3>
        </article>
        <article
          class="small-movie-card catalog__movies-card"
        >
          <div
            class="small-movie-card__image"
          >
            <video
              height="175"
              poster="img/we-need-to-talk-about-kevin.jpg"
              src="https://upload.wikimedia.org/wikipedia/commons/transcoded/b/b3/Big_Buck_Bunny_Trailer_400p.ogv/Big_Buck_Bunny_Trailer_400p.ogv.360p.webm"
              width="280"
            />
          </div>
          <h3
            class="small-movie-card__title"
          >
            <a
              class="small-movie-card__link"
              href="/films/15"
            >
              We need to talk about Kevin
            </a>
          </h3>
        </article>
        <article
          class="small-movie-card catalog__movies-card"
        >
          <div
            class="small-movie-card__image"
          >
            <video
              height="175"
              poster="img/what-we-do-in-the-shadows.jpg"
              src="https://upload.wikimedia.org/wikipedia/commons/transcoded/b/b3/Big_Buck_Bunny_Trailer_400p.ogv/Big_Buck_Bunny_Trailer_400p.ogv.360p.webm"
              width="280"
            />
          </div>
          <h3
            class="small-movie-card__title"
          >
            <a
              class="small-movie-card__link"
              href="/films/16"
            >
              What We Do in the Shadows
            </a>
          </h3>
        </article>
        <article
          class="small-movie-card catalog__movies-card"
        >
          <div
            class="small-movie-card__image"
          >
            <video
              height="175"
              poster="img/revenant.jpg"
              src="https://upload.wikimedia.org/wikipedia/commons/transcoded/b/b3/Big_Buck_Bunny_Trailer_400p.ogv/Big_Buck_Bunny_Trailer_400p.ogv.360p.webm"
              width="280"
            />
          </div>
          <h3
            class="small-movie-card__title"
          >
            <a
              class="small-movie-card__link"
              href="/films/17"
            >
              Revenant
            </a>
          </h3>
        </article>
        <article
          class="small-movie-card catalog__movies-card"
        >
          <div
            class="small-movie-card__image"
          >
            <video
              height="175"
              poster="img/johnny-english.jpg"
              src="https://upload.wikimedia.org/wikipedia/commons/transcoded/b/b3/Big_Buck_Bunny_Trailer_400p.ogv/Big_Buck_Bunny_Trailer_400p.ogv.360p.webm"
              width="280"
            />
          </div>
          <h3
            class="small-movie-card__title"
          >
            <a
              class="small-movie-card__link"
              href="/films/18"
            >
              Johnny English
            </a>
          </h3>
        </article>
      </div>
    </section>
    <footer
      class="page-footer"
    >
      <div
        class="logo"
      >
        <a
          class="logo__link logo__link--light"
          href="/"
        >
          <span
            class="logo__letter logo__letter--1"
          >
            W
          </span>
          <span
            class="logo__letter logo__letter--2"
          >
            T
          </span>
          <span
            class="logo__letter logo__letter--3"
          >
            W
          </span>
        </a>
      </div>
      <div
        class="copyright"
      >
        <p>
          © 2019 What to watch Ltd.
        </p>
      </div>
    </footer>
  </div>
</div>
`;
