// Jest Snapshot v1, https://goo.gl/fbAQLP

exports[`Should UserBlock render correctly 1`] = `
<div>
  <div
    class="user-block"
  >
    <div
      class="user-block__avatar"
    >
      <a
        href="/mylist"
      >
        <img
          alt="User avatar"
          height="63"
          src="img/avatar.jpg"
          width="63"
        />
      </a>
    </div>
    <a
      class="user-block__link"
      href="/"
    >
      Log out
    </a>
  </div>
</div>
`;
