// Jest Snapshot v1, https://goo.gl/fbAQLP

exports[`Should MovieBoard render correctly 1`] = `
<div>
  <div
    class="page-content"
  >
    <section
      class="catalog"
    >
      <h2
        class="catalog__title visually-hidden"
      >
        Catalog
      </h2>
      <ul
        class="catalog__genres-list"
      >
        <li
          class="catalog__genres-item catalog__genres-item--active"
        >
          <a
            class="catalog__genres-link"
            href="#"
          >
            All genre
          </a>
        </li>
        <li
          class="catalog__genres-item "
        >
          <a
            class="catalog__genres-link"
            href="#"
          >
            Comedies
          </a>
        </li>
        <li
          class="catalog__genres-item "
        >
          <a
            class="catalog__genres-link"
            href="#"
          >
            Dramas
          </a>
        </li>
        <li
          class="catalog__genres-item "
        >
          <a
            class="catalog__genres-link"
            href="#"
          >
            Sci-Fi
          </a>
        </li>
        <li
          class="catalog__genres-item "
        >
          <a
            class="catalog__genres-link"
            href="#"
          >
            Thrillers
          </a>
        </li>
      </ul>
      <div
        class="catalog__movies-list"
      >
        <article
          class="small-movie-card catalog__movies-card"
        >
          <div
            class="small-movie-card__image"
          >
            This is mock VideoPlayer
          </div>
          <h3
            class="small-movie-card__title"
          >
            <a
              class="small-movie-card__link"
              href="/films/2"
            >
              Fantastic Beasts: The Crimes of Grindelwald
            </a>
          </h3>
        </article>
        <article
          class="small-movie-card catalog__movies-card"
        >
          <div
            class="small-movie-card__image"
          >
            This is mock VideoPlayer
          </div>
          <h3
            class="small-movie-card__title"
          >
            <a
              class="small-movie-card__link"
              href="/films/3"
            >
              Bohemian Rhapsody
            </a>
          </h3>
        </article>
        <article
          class="small-movie-card catalog__movies-card"
        >
          <div
            class="small-movie-card__image"
          >
            This is mock VideoPlayer
          </div>
          <h3
            class="small-movie-card__title"
          >
            <a
              class="small-movie-card__link"
              href="/films/4"
            >
              Macbeth
            </a>
          </h3>
        </article>
        <article
          class="small-movie-card catalog__movies-card"
        >
          <div
            class="small-movie-card__image"
          >
            This is mock VideoPlayer
          </div>
          <h3
            class="small-movie-card__title"
          >
            <a
              class="small-movie-card__link"
              href="/films/5"
            >
              Aviator
            </a>
          </h3>
        </article>
        <article
          class="small-movie-card catalog__movies-card"
        >
          <div
            class="small-movie-card__image"
          >
            This is mock VideoPlayer
          </div>
          <h3
            class="small-movie-card__title"
          >
            <a
              class="small-movie-card__link"
              href="/films/6"
            >
              We need to talk about Kevin
            </a>
          </h3>
        </article>
        <article
          class="small-movie-card catalog__movies-card"
        >
          <div
            class="small-movie-card__image"
          >
            This is mock VideoPlayer
          </div>
          <h3
            class="small-movie-card__title"
          >
            <a
              class="small-movie-card__link"
              href="/films/7"
            >
              What We Do in the Shadows
            </a>
          </h3>
        </article>
        <article
          class="small-movie-card catalog__movies-card"
        >
          <div
            class="small-movie-card__image"
          >
            This is mock VideoPlayer
          </div>
          <h3
            class="small-movie-card__title"
          >
            <a
              class="small-movie-card__link"
              href="/films/8"
            >
              Revenant
            </a>
          </h3>
        </article>
        <article
          class="small-movie-card catalog__movies-card"
        >
          <div
            class="small-movie-card__image"
          >
            This is mock VideoPlayer
          </div>
          <h3
            class="small-movie-card__title"
          >
            <a
              class="small-movie-card__link"
              href="/films/9"
            >
              Johnny English
            </a>
          </h3>
        </article>
      </div>
      <div
        class="catalog__more"
      >
        <button
          class="catalog__button"
          type="button"
        >
          Show more
        </button>
      </div>
    </section>
    <footer
      class="page-footer"
    >
      <div
        class="logo"
      >
        <a
          class="logo__link logo__link--light"
          href="/"
        >
          <span
            class="logo__letter logo__letter--1"
          >
            W
          </span>
          <span
            class="logo__letter logo__letter--2"
          >
            T
          </span>
          <span
            class="logo__letter logo__letter--3"
          >
            W
          </span>
        </a>
      </div>
      <div
        class="copyright"
      >
        <p>
          Â© 2019 What to watch Ltd.
        </p>
      </div>
    </footer>
  </div>
</div>
`;
