// Jest Snapshot v1, https://goo.gl/fbAQLP

exports[`Should MovieCard render correctly 1`] = `
<div>
  <article
    class="small-movie-card catalog__movies-card"
  >
    <div
      class="small-movie-card__image"
    />
    <h3
      class="small-movie-card__title"
    >
      <a
        class="small-movie-card__link"
        href="/films/1"
      >
        The Grand Budapest Hotel
      </a>
    </h3>
  </article>
</div>
`;
