// Jest Snapshot v1, https://goo.gl/fbAQLP

exports[`Should NotFoundScreen render correctly 1`] = `
<div>
  <a
    class="btn movie-card__button"
    href="/films/1/review"
  >
    Add review
  </a>
</div>
`;
